// Jest Snapshot v1, https://goo.gl/fbAQLP

exports[`Snapshop test of Card component 1`] = `
<div
  className="container"
>
  <div
    className="align-items-center justify-content-center Card row"
  >
    <div
      className="ps-5 avatarComponent col-md-2"
    >
      <div
        className="MuiAvatar-root MuiAvatar-circular Avatar MuiAvatar-colorDefault"
      >
        <svg
          aria-hidden={true}
          className="MuiSvgIcon-root MuiAvatar-fallback"
          focusable="false"
          viewBox="0 0 24 24"
        >
          <path
            d="M12 12c2.21 0 4-1.79 4-4s-1.79-4-4-4-4 1.79-4 4 1.79 4 4 4zm0 2c-2.67 0-8 1.34-8 4v2h16v-2c0-2.66-5.33-4-8-4z"
          />
        </svg>
      </div>
    </div>
    <div
      className="col-md-offset-2 SpeechComponent col-md-10"
    >
      <p
        className="paragraph"
      >
        Currently, Ford sells six sedans and coupes in North America with the Fiesta, Focus, Fusion, C-Max, Mustang and Taurus. This lineup hits multiple segments from the compact Fiest to the mid-size Focus, C-Max and Fusion to the full-size Taurus
      </p>
      <h5
        className="auther"
      >
         Emily JÃ¸rgense
      </h5>
      <h6
        className="description"
      >
         Author at Panoply Store
      </h6>
    </div>
  </div>
</div>
`;
